  console.log
    [dotenv@17.2.3] injecting env (20) from .env -- tip: ­ƒôí add observability to secrets: https://dotenvx.com/ops

      at _log (node_modules/dotenv/lib/main.js:142:11)

  console.log
    [dotenv@17.2.3] injecting env (0) from .env -- tip: ÔÜÖ´©Å  load multiple .env files with { path: ['.env.local', '.env'] }

      at _log (node_modules/dotenv/lib/main.js:142:11)

  console.log
    [dotenv@17.2.3] injecting env (0) from .env -- tip: ÔÜÖ´©Å  enable debug logging with { debug: true }

      at _log (node_modules/dotenv/lib/main.js:142:11)

node.exe : FAIL tests/user.test.js
At line:1 char:1
+ & "C:\Program Files\nodejs/node.exe" 
"C:\Users\Rominejo\AppData\Roami ...
+ ~~~~~~~~~~~~~~~~~~~~~~~~~~~~~~~~~~~~~~~~~~~~~~~
~~~~~~~~~~~~~~~~~~~~~~
    + CategoryInfo          : NotSpecified: (FAI 
   L tests/user.test.js:String) [], RemoteExcep  
  tion
    + FullyQualifiedErrorId : NativeCommandError
 
  ÔùÅ Test suite failed to run

    Jest encountered an unexpected token

    Jest failed to parse a file. This happens 
e.g. when your code or its dependencies use 
non-standard JavaScript syntax, or when Jest is 
not configured to support such syntax.

    Out of the box Jest supports Babel, which 
will be used to transform your files into valid 
JS based on your Babel configuration.

    By default "node_modules" folder is ignored 
by transformers.

    Here's what you can do:
     ÔÇó If you are trying to use ECMAScript 
Modules, see 
https://jestjs.io/docs/ecmascript-modules for 
how to enable it.
     ÔÇó If you are trying to use TypeScript, 
see https://jestjs.io/docs/getting-started#using-
typescript
     ÔÇó To have some of your "node_modules" 
files transformed, you can specify a custom 
"transformIgnorePatterns" in your config.
     ÔÇó If you need a custom transformation, 
specify a "transform" option in your config.
     ÔÇó If you simply want to mock your non-JS 
modules (e.g. binary assets) you can stub them 
out with the "moduleNameMapper" config option.

    You'll find more details and examples of 
these config options in the docs:
    https://jestjs.io/docs/configuration
    For information about custom 
transformations, see:
    https://jestjs.io/docs/code-transformation

    Details:

    SyntaxError: D:\Antigravity\Interfaz\backend\
src\controllers\userController.js: Unexpected 
token (47:10)

    [0m [90m 45 |[39m             )[33m;[39m
     [90m 46 |[39m             res[33m.[39mst
atus([35m201[39m)[33m.[39mjson(newUser[33m.
[39mrows[[35m0[39m])[33m;[39m
    [31m[1m>[22m[39m[90m 47 |[39m         
} [36mcatch[39m (err) {
     [90m    |[39m           
[31m[1m^[22m[39m
     [90m 48 |[39m             
console[33m.[39merror(err)[33m;[39m
     [90m 49 |[39m             res[33m.[39mst
atus([35m500[39m)[33m.[39mjson({ 
message[33m:[39m [32m'Error creando 
usuario'[39m })[33m;[39m
     [90m 50 |[39m         }[0m

    [0m [90m 1 |[39m [36mconst[39m express 
[33m=[39m 
require([32m'express'[39m)[33m;[39m
     [90m 2 |[39m [36mconst[39m router 
[33m=[39m 
express[33m.[39m[33mRouter[39m()[33m;[39m
    [31m[1m>[22m[39m[90m 3 |[39m 
[36mconst[39m userController [33m=[39m requir
e([32m'../controllers/userController'[39m)[33m
;[39m
     [90m   |[39m                        
[31m[1m^[22m[39m
     [90m 4 |[39m [36mconst[39m auth 
[33m=[39m require([32m'../middleware/authMiddl
eware'[39m)[33m;[39m
     [90m 5 |[39m [36mconst[39m admin 
[33m=[39m require([32m'../middleware/adminMidd
leware'[39m)[33m;[39m
     [90m 6 |[39m [36mconst[39m multer 
[33m=[39m 
require([32m'multer'[39m)[33m;[39m[0m

      at constructor (node_modules/@babel/parser/
src/parse-error.ts:95:45)
      at Parser.toParseError [as raise] (node_mod
ules/@babel/parser/src/tokenizer/index.ts:1507:19
)
      at Parser.raise [as unexpected] (node_modul
es/@babel/parser/src/tokenizer/index.ts:1547:16)
      at Parser.unexpected [as parseExprAtom] (no
de_modules/@babel/parser/src/parser/expression.ts
:1355:22)
      at Parser.parseExprAtom [as 
parseExprSubscripts] (node_modules/@babel/parser/
src/parser/expression.ts:742:23)
      at Parser.parseExprSubscripts [as 
parseUpdate] (node_modules/@babel/parser/src/pars
er/expression.ts:721:21)
      at Parser.parseUpdate [as parseMaybeUnary] 
(node_modules/@babel/parser/src/parser/expression
.ts:683:23)
      at Parser.parseMaybeUnary [as 
parseMaybeUnaryOrPrivate] (node_modules/@babel/pa
rser/src/parser/expression.ts:417:14)
      at Parser.parseMaybeUnaryOrPrivate [as 
parseExprOps] (node_modules/@babel/parser/src/par
ser/expression.ts:429:23)
      at Parser.parseExprOps [as 
parseMaybeConditional] (node_modules/@babel/parse
r/src/parser/expression.ts:384:23)
      at Parser.parseMaybeConditional [as 
parseMaybeAssign] (node_modules/@babel/parser/src
/parser/expression.ts:301:21)
      at Parser.parseMaybeAssign [as 
parseExpressionBase] (node_modules/@babel/parser/
src/parser/expression.ts:226:23)
      at parseExpressionBase (node_modules/@babel
/parser/src/parser/expression.ts:217:39)
      at Parser.callback [as allowInAnd] (node_mo
dules/@babel/parser/src/parser/expression.ts:3197
:16)
      at Parser.allowInAnd [as parseExpression] (
node_modules/@babel/parser/src/parser/expression.
ts:217:17)
      at Parser.parseExpression [as 
parseStatementContent] (node_modules/@babel/parse
r/src/parser/statement.ts:688:23)
      at Parser.parseStatementContent [as 
parseStatementLike] (node_modules/@babel/parser/s
rc/parser/statement.ts:482:17)
      at Parser.parseStatementLike [as 
parseStatementListItem] (node_modules/@babel/pars
er/src/parser/statement.ts:431:17)
      at Parser.parseStatementListItem [as 
parseBlockOrModuleBlockBody] (node_modules/@babel
/parser/src/parser/statement.ts:1444:16)
      at Parser.parseBlockOrModuleBlockBody [as 
parseBlockBody] (node_modules/@babel/parser/src/p
arser/statement.ts:1417:10)
      at Parser.parseBlockBody [as parseBlock] (n
ode_modules/@babel/parser/src/parser/statement.ts
:1385:10)
      at Parser.parseBlock [as 
parseTryStatement] (node_modules/@babel/parser/sr
c/parser/statement.ts:1205:23)
      at Parser.parseTryStatement [as 
parseStatementContent] (node_modules/@babel/parse
r/src/parser/statement.ts:549:21)
      at Parser.parseStatementContent [as 
parseStatementLike] (node_modules/@babel/parser/s
rc/parser/statement.ts:482:17)
      at Parser.parseStatementLike [as 
parseStatementListItem] (node_modules/@babel/pars
er/src/parser/statement.ts:431:17)
      at Parser.parseStatementListItem [as 
parseBlockOrModuleBlockBody] (node_modules/@babel
/parser/src/parser/statement.ts:1444:16)
      at Parser.parseBlockOrModuleBlockBody [as 
parseBlockBody] (node_modules/@babel/parser/src/p
arser/statement.ts:1417:10)
      at Parser.parseBlockBody [as parseBlock] (n
ode_modules/@babel/parser/src/parser/statement.ts
:1385:10)
      at Parser.parseBlock [as 
parseFunctionBody] (node_modules/@babel/parser/sr
c/parser/expression.ts:2626:24)
      at Parser.parseFunctionBody [as 
parseArrowExpression] (node_modules/@babel/parser
/src/parser/expression.ts:2563:10)
      at Parser.parseArrowExpression [as 
parseAsyncArrowFromCallExpression] (node_modules/
@babel/parser/src/parser/expression.ts:1067:10)
      at 
Parser.parseAsyncArrowFromCallExpression [as 
parseCoverCallAndAsyncArrowHead] (node_modules/@b
abel/parser/src/parser/expression.ts:942:27)
      at Parser.parseCoverCallAndAsyncArrowHead 
[as parseSubscript] (node_modules/@babel/parser/s
rc/parser/expression.ts:804:19)
      at Parser.parseSubscript [as 
parseSubscripts] (node_modules/@babel/parser/src/
parser/expression.ts:763:19)
      at Parser.parseSubscripts [as 
parseExprSubscripts] (node_modules/@babel/parser/
src/parser/expression.ts:748:17)
      at Parser.parseExprSubscripts [as 
parseUpdate] (node_modules/@babel/parser/src/pars
er/expression.ts:721:21)
      at Parser.parseUpdate [as parseMaybeUnary] 
(node_modules/@babel/parser/src/parser/expression
.ts:683:23)
      at Parser.parseMaybeUnary [as 
parseMaybeUnaryOrPrivate] (node_modules/@babel/pa
rser/src/parser/expression.ts:417:14)
      at Parser.parseMaybeUnaryOrPrivate [as 
parseExprOps] (node_modules/@babel/parser/src/par
ser/expression.ts:429:23)
      at Parser.parseExprOps [as 
parseMaybeConditional] (node_modules/@babel/parse
r/src/parser/expression.ts:384:23)
      at Parser.parseMaybeConditional [as 
parseMaybeAssign] (node_modules/@babel/parser/src
/parser/expression.ts:301:21)
      at Parser.parseMaybeAssign (node_modules/@b
abel/parser/src/parser/expression.ts:345:25)
      at Parser.parseMaybeAssign [as 
parseExpressionBase] (node_modules/@babel/parser/
src/parser/expression.ts:226:23)
      at parseExpressionBase (node_modules/@babel
/parser/src/parser/expression.ts:217:39)
      at Parser.callback [as allowInAnd] (node_mo
dules/@babel/parser/src/parser/expression.ts:3197
:16)
      at Parser.allowInAnd [as parseExpression] (
node_modules/@babel/parser/src/parser/expression.
ts:217:17)
      at Parser.parseExpression [as 
parseStatementContent] (node_modules/@babel/parse
r/src/parser/statement.ts:688:23)
      at Parser.parseStatementContent [as 
parseStatementLike] (node_modules/@babel/parser/s
rc/parser/statement.ts:482:17)
      at Parser.parseStatementLike [as 
parseModuleItem] (node_modules/@babel/parser/src/
parser/statement.ts:419:17)
      at Parser.parseModuleItem [as 
parseBlockOrModuleBlockBody] (node_modules/@babel
/parser/src/parser/statement.ts:1443:16)
      at Parser.parseBlockOrModuleBlockBody [as 
parseBlockBody] (node_modules/@babel/parser/src/p
arser/statement.ts:1417:10)
      at Parser.parseBlockBody [as parseProgram] 
(node_modules/@babel/parser/src/parser/statement.
ts:229:10)
      at Parser.parseProgram [as parseTopLevel] (
node_modules/@babel/parser/src/parser/statement.t
s:203:25)
      at Parser.parseTopLevel [as parse] (node_mo
dules/@babel/parser/src/parser/index.ts:88:25)
      at parse 
(node_modules/@babel/parser/src/index.ts:86:38)
      at parser (node_modules/@babel/core/src/par
ser/index.ts:29:19)
          at parser.next (<anonymous>)
      at normalizeFile (node_modules/@babel/core/
src/transformation/normalize-file.ts:50:24)
          at normalizeFile.next (<anonymous>)
      at run (node_modules/@babel/core/src/transf
ormation/index.ts:41:36)
          at run.next (<anonymous>)
      at transform 
(node_modules/@babel/core/src/transform.ts:29:20)
          at transform.next (<anonymous>)
      at evaluateSync 
(node_modules/gensync/index.js:251:28)
      at sync 
(node_modules/gensync/index.js:89:14)
      at fn (node_modules/@babel/core/src/errors/
rewrite-stack-trace.ts:99:14)
      at transformSync 
(node_modules/@babel/core/src/transform.ts:66:52)
      at ScriptTransformer.transformSource (node_
modules/@jest/transform/build/index.js:422:31)
      at 
ScriptTransformer._transformAndBuildScript (node_
modules/@jest/transform/build/index.js:519:40)
      at ScriptTransformer.transform (node_module
s/@jest/transform/build/index.js:558:19)
      at Object.require 
(src/routes/userRoutes.js:3:24)
      at Object.require (src/app.js:29:23)
      at Object.require (tests/user.test.js:3:13)

Test Suites: 1 failed, 1 total
Tests:       0 total
Snapshots:   0 total
Time:        0.777 s
Ran all test suites matching tests/user.test.js.
